cd /root
mkdir 0x00-shell_basics
cd 0x00-shell_basics
git clone https://github.com/jolly26/alx-system_engineering-devops.git
echo "# alx-system_engineering-devops" >> README.md
git add README.md
git init
git add README.md
git commit -m "first commit"
git branch -M main
realpath "$0"
realpath --help
cd /bin/pwd
/bin/pwd
emacs 0-current_working_directory
cd
git status
git init
cd /root
pwd
ls
cd 0x00-shell_basics
git init
git status
git add .
git add README.md
git commit -m "first commit"
git add .
git push
git remote add origin https://github.com/jolly26/alx-system_engineering-devops.git
git push -u origin main
git add .
cd
cd /root
ls
git init
cd /root
git clone https://github.com/jolly26/alx-system_engineering-devops.git
git add .
git rm -f --cached 0x00-shell_basics
echo "# alx-system_engineering-devops" >> README.md
mkdir 0x00-shell_basics
git add README.md
git commit -m "first commit"
git clone https://github.com/jolly26/alx-system_engineering-devops.git
git remote add origin https://github.com/jolly26/alx-system_engineering-devops.git
git push -u origin main
git pull
git pull remote https://github.com/jolly26/alx-system_engineering-devops.git main
git pull https://github.com/jolly26/alx-system_engineering-devops.git main
git push -u origin main
git push 
git push --set-upstream origin main
mkdir 0x00-shell_basics
rmdir 0x00-shell_basics
rm -r 0x00-shell_basics
mkdir 0x00-shell_basics
git add .
git commit -m 'first commit'
mkdir  * Management:     https://landscape.canonical.com
8 updates can be applied immediately.
8 of these updates are standard security updates.
To see these additional updates run: apt list --upgradable
*** System restart required ***
vagrant@ubuntu-focal:~$ git clone https://github.com/jolly26/alx-system_engineering-devops.git
Cloning into 'alx-system_engineering-devops'...
warning: You appear to have cloned an empty repository.
vagrant@ubuntu-focal:~$ shutdown -r
Failed to set wall message, ignoring: Interactive authentication required.
Failed to call ScheduleShutdown in logind, no action will be taken: Interactive authentication required.
vagrant@ubuntu-focal:~$ init 6
Failed to set wall message, ignoring: Interactive authentication required.
Failed to reboot system via logind: Interactive authentication required.
Failed to open initctl fifo: Permission denied
Failed to talk to init daemon.
vagrant@ubuntu-focal:~$ sudo -i
root@ubuntu-focal:~# init 6
Connection to 127.0.0.1 closed by remote host.
Connection to 127.0.0.1 closed.
ashangom@ETGDT0101 MINGW64 ~
$ vagrant ssh
Welcome to Ubuntu 20.04.4 LTS (GNU/Linux 5.4.0-99-generic x86_64)
8 updates can be applied immediately.
8 of these updates are standard security updates.
To see these additional updates run: apt list --upgradable
Last login: Thu Mar  3 19:24:52 2022 from 10.0.2.2
`vagrant@ubuntu-focal:~$ `git clone https://github.com/jolly26/alx-system_engineering-devops.git
> ^C
vagrant@ubuntu-focal:~$ cd /root
-bash: cd: /root: Permission denied
vagrant@ubuntu-focal:~$ sudo -i
root@ubuntu-focal:~# cd /root
root@ubuntu-focal:~# mkdir 0x00-shell_basics
root@ubuntu-focal:~# cd 0x00-shell_basics
root@ubuntu-focal:~/0x00-shell_basics# git clone https://github.com/jolly26/alx-system_engineering-devops.git
Cloning into 'alx-system_engineering-devops'...
warning: You appear to have cloned an empty repository.
root@ubuntu-focal:~/0x00-shell_basics# echo "# alx-system_engineering-devops" >> README.md
root@ubuntu-focal:~/0x00-shell_basics# git add README.md
fatal: not a git repository (or any of the parent directories): .git
root@ubuntu-focal:~/0x00-shell_basics# git init
Initialized empty Git repository in /root/0x00-shell_basics/.git/
root@ubuntu-focal:~/0x00-shell_basics# git add README.md
root@ubuntu-focal:~/0x00-shell_basics# git commit -m "first commit"
[master (root-commit) 92ed4e0] first commit
root@ubuntu-focal:~/0x00-shell_basics# git branch -M main
root@ubuntu-focal:~/0x00-shell_basics# realpath "$0"
realpath: invalid option -- 'b'
Try 'realpath --help' for more information.
root@ubuntu-focal:~/0x00-shell_basics# realpath --help
Usage: realpath [OPTION]... FILE...
Print the resolved absolute file name;
all but the last component must exist
root@ubuntu-focal:~/0x00-shell_basics# cd /bin/pwd
-bash: cd: /bin/pwd: Not a directory
root@ubuntu-focal:~/0x00-shell_basics# /bin/pwd
/root/0x00-shell_basics
root@ubuntu-focal:~/0x00-shell_basics# emacs 0-current_working_directory
root@ubuntu-focal:~/0x00-shell_basics# cd
root@ubuntu-focal:~# git status
fatal: not a git repository (or any of the parent directories): .git
root@ubuntu-focal:~# git init
Initialized empty Git repository in /root/.git/
root@ubuntu-focal:~# cd /root
root@ubuntu-focal:~# pwd
/root
root@ubuntu-focal:~# ls
0x00-shell_basics  snap  zero_day
root@ubuntu-focal:~# cd 0x00-shell_basics
root@ubuntu-focal:~/0x00-shell_basics# git init
Reinitialized existing Git repository in /root/0x00-shell_basics/.git/
root@ubuntu-focal:~/0x00-shell_basics# git status
On branch main
Untracked files:
nothing added to commit but untracked files present (use "git add" to track)
root@ubuntu-focal:~/0x00-shell_basics# git add .
error: 'alx-system_engineering-devops/' does not have a commit checked out
fatal: adding files failed
root@ubuntu-focal:~/0x00-shell_basics# git add README.md
root@ubuntu-focal:~/0x00-shell_basics# git commit -m "first commit"
On branch main
Untracked files:
nothing added to commit but untracked files present (use "git add" to track)
root@ubuntu-focal:~/0x00-shell_basics# git add .
error: 'alx-system_engineering-devops/' does not have a commit checked out
fatal: adding files failed
root@ubuntu-focal:~/0x00-shell_basics# git push
fatal: No configured push destination.
Either specify the URL from the command-line or configure a remote repository using
and then push using the remote name
root@ubuntu-focal:~/0x00-shell_basics# git remote add origin https://github.com/jolly26/alx-system_engineering-devops.git
root@ubuntu-focal:~/0x00-shell_basics# git push -u origin main
Username for 'https://github.com': jolly26
Password for 'https://jolly26@github.com':
Enumerating objects: 3, done.
Counting objects: 100% (3/3), done.
Writing objects: 100% (3/3), 265 bytes | 132.00 KiB/s, done.
Total 3 (delta 0), reused 0 (delta 0)
To https://github.com/jolly26/alx-system_engineering-devops.git
Branch 'main' set up to track remote branch 'main' from 'origin'.
root@ubuntu-focal:~/0x00-shell_basics# git add .
error: 'alx-system_engineering-devops/' does not have a commit checked out
fatal: adding files failed
root@ubuntu-focal:~/0x00-shell_basics# cd
root@ubuntu-focal:~# cd /root
root@ubuntu-focal:~# ls
0x00-shell_basics  snap  zero_day
root@ubuntu-focal:~# git init
Reinitialized existing Git repository in /root/.git/
root@ubuntu-focal:~# cd /root
root@ubuntu-focal:~# git clone https://github.com/jolly26/alx-system_engineering-devops.git
Cloning into 'alx-system_engineering-devops'...
remote: Enumerating objects: 3, done.
remote: Counting objects: 100% (3/3), done.
remote: Total 3 (delta 0), reused 3 (delta 0), pack-reused 0
Unpacking objects: 100% (3/3), 245 bytes | 122.00 KiB/s, done.
root@ubuntu-focal:~# git add .
warning: adding embedded git repository: 0x00-shell_basics
hint: You've added another git repository inside your current repository.
hint: Clones of the outer repository will not contain the contents of
hint: the embedded repository and will not know how to obtain it.
int: If you meant to add a subm
cd 0x00-shell_basics
ls
emacs 0-current_working_directory
git add .
git commit -m 'first commit'
git push
git switch main
git push
cd /root
git push
git init
git clone https://github.com/alx-system_engineering-devops.git
git init
ls
rm '^C'
cd alx-system_engineering_devops
git add .
pwd
mkdir -focal:~# git rm -f --cached alx-system_engineeringcd
mkdir alx-system_engineering-devops
cd alx-system_engineering-devops
ls
mkdir 0x00-shell_basics
emacs 0-current_working_directory
git add README.md
git commit -m 'first commit'
git config --global user.email "pc4jolly@gmail.com"
git config --global user.name "jolly26"
git commit -m 'first commit'
git add README.md
git commit -m 'first commit'
git add .
git commit -m 'first commit'
git push
shutdown -r
shutdown -c
shutdown
shutdown -c
shutdown now
